<?php return array (
  0 => 'Symfony\\Bundle\\FrameworkBundle\\Controller\\AbstractController',
  1 => 'Api\\V8\\Controller\\BaseController',
  2 => 'Api\\V8\\Controller\\InvocationStrategy\\SuiteInvocationStrategy',
  3 => 'Api\\V8\\Controller\\ListViewController',
  4 => 'Api\\V8\\Controller\\ListViewSearchController',
  5 => 'Api\\V8\\Controller\\LogoutController',
  6 => 'Api\\V8\\Controller\\MetaController',
  7 => 'Api\\V8\\Controller\\ModuleController',
  8 => 'Api\\V8\\Controller\\RelationshipController',
  9 => 'Api\\V8\\Controller\\UserController',
  10 => 'Api\\V8\\Controller\\UserPreferencesController',
  11 => 'Api\\V8\\OAuth2\\Entity\\AccessTokenEntity',
  12 => 'Api\\V8\\OAuth2\\Entity\\ClientEntity',
  13 => 'Api\\V8\\OAuth2\\Entity\\RefreshTokenEntity',
  14 => 'Api\\V8\\OAuth2\\Entity\\UserEntity',
  15 => 'App\\Authentication\\Controller\\SecurityController',
  16 => 'App\\Data\\Entity\\Record',
  17 => 'App\\Data\\Entity\\RecordList',
  18 => 'App\\Engine\\Controller\\IndexController',
  19 => 'App\\FieldDefinitions\\Entity\\FieldDefinition',
  20 => 'App\\Languages\\Entity\\AppListStrings',
  21 => 'App\\Languages\\Entity\\AppStrings',
  22 => 'App\\Languages\\Entity\\ModStrings',
  23 => 'App\\Metadata\\Entity\\AppMetadata',
  24 => 'App\\Metadata\\Entity\\ModuleMetadata',
  25 => 'App\\Module\\Users\\Entity\\User',
  26 => 'App\\Navbar\\Entity\\Navbar',
  27 => 'App\\Process\\Entity\\Process',
  28 => 'App\\Statistics\\Entity\\BatchedStatistics',
  29 => 'App\\Statistics\\Entity\\Statistic',
  30 => 'App\\SystemConfig\\Entity\\SystemConfig',
  31 => 'App\\Themes\\Entity\\ThemeImages',
  32 => 'App\\UserPreferences\\Entity\\UserPreference',
  33 => 'App\\ViewDefinitions\\Entity\\ViewDefinition',
  34 => 'Doctrine\\Bundle\\DoctrineBundle\\Controller\\ProfilerController',
  35 => 'Doctrine\\ORM\\Cache\\Persister\\Entity\\AbstractEntityPersister',
  36 => 'Doctrine\\ORM\\Cache\\Persister\\Entity\\CachedEntityPersister',
  37 => 'Doctrine\\ORM\\Cache\\Persister\\Entity\\NonStrictReadWriteCachedEntityPersister',
  38 => 'Doctrine\\ORM\\Cache\\Persister\\Entity\\ReadOnlyCachedEntityPersister',
  39 => 'Doctrine\\ORM\\Cache\\Persister\\Entity\\ReadWriteCachedEntityPersister',
  40 => 'Doctrine\\ORM\\Persisters\\Entity\\AbstractEntityInheritancePersister',
  41 => 'Doctrine\\ORM\\Persisters\\Entity\\BasicEntityPersister',
  42 => 'Doctrine\\ORM\\Persisters\\Entity\\CachedPersisterContext',
  43 => 'Doctrine\\ORM\\Persisters\\Entity\\EntityPersister',
  44 => 'Doctrine\\ORM\\Persisters\\Entity\\JoinedSubclassPersister',
  45 => 'Doctrine\\ORM\\Persisters\\Entity\\SingleTablePersister',
  46 => 'Hslavich\\OneloginSamlBundle\\Controller\\SamlController',
  47 => 'JsonSchema\\Entity\\JsonPointer',
  48 => 'SuiteCRM\\API\\v8\\Controller\\ApiController',
  49 => 'SuiteCRM\\API\\v8\\Controller\\ModuleController',
  50 => 'SuiteCRM\\API\\v8\\Controller\\OAuth2Controller',
  51 => 'SuiteCRM\\API\\v8\\Controller\\SchemaController',
  53 => 'Symfony\\Bundle\\FrameworkBundle\\Controller\\ControllerResolver',
  54 => 'Symfony\\Bundle\\FrameworkBundle\\Controller\\RedirectController',
  55 => 'Symfony\\Bundle\\FrameworkBundle\\Controller\\TemplateController',
  56 => 'Symfony\\Component\\HttpKernel\\Controller\\ArgumentResolver',
  57 => 'Symfony\\Component\\HttpKernel\\Controller\\ArgumentResolverInterface',
  58 => 'Symfony\\Component\\HttpKernel\\Controller\\ArgumentResolver\\DefaultValueResolver',
  59 => 'Symfony\\Component\\HttpKernel\\Controller\\ArgumentResolver\\NotTaggedControllerValueResolver',
  60 => 'Symfony\\Component\\HttpKernel\\Controller\\ArgumentResolver\\RequestAttributeValueResolver',
  61 => 'Symfony\\Component\\HttpKernel\\Controller\\ArgumentResolver\\RequestValueResolver',
  62 => 'Symfony\\Component\\HttpKernel\\Controller\\ArgumentResolver\\ServiceValueResolver',
  63 => 'Symfony\\Component\\HttpKernel\\Controller\\ArgumentResolver\\SessionValueResolver',
  64 => 'Symfony\\Component\\HttpKernel\\Controller\\ArgumentResolver\\TraceableValueResolver',
  65 => 'Symfony\\Component\\HttpKernel\\Controller\\ArgumentResolver\\VariadicValueResolver',
  66 => 'Symfony\\Component\\HttpKernel\\Controller\\ArgumentValueResolverInterface',
  67 => 'Symfony\\Component\\HttpKernel\\Controller\\ContainerControllerResolver',
  68 => 'Symfony\\Component\\HttpKernel\\Controller\\ControllerReference',
  69 => 'Symfony\\Component\\HttpKernel\\Controller\\ControllerResolver',
  70 => 'Symfony\\Component\\HttpKernel\\Controller\\ControllerResolverInterface',
  71 => 'Symfony\\Component\\HttpKernel\\Controller\\ErrorController',
  72 => 'Symfony\\Component\\HttpKernel\\Controller\\TraceableArgumentResolver',
  73 => 'Symfony\\Component\\HttpKernel\\Controller\\TraceableControllerResolver',
  74 => 'Symfony\\Component\\Security\\Http\\Controller\\UserValueResolver',
);